MPLINK 5.04, LINKER
Linker Map File - Created Mon Dec 15 16:58:55 2014

                                 Section Info
                  Section       Type    Address   Location Size(Bytes)
                ---------  ---------  ---------  ---------  ---------
                   .org_0       code   0x000800    program   0x000004
                   .cinit    romdata   0x000804    program   0x000002
                   .org_1       code   0x000808    program   0x000004
                   .org_2       code   0x000818    program   0x000004
                   .org_3       code   0x000820    program   0x0001ae



                              Program Memory Usage 
                               Start         End      
                           ---------   ---------      
                            0x000800    0x000805      
                            0x000808    0x00080b      
                            0x000818    0x00081b      
                            0x000820    0x0009cd      
            444 out of 33048 program addresses used, program memory utilization is 1%



                              Symbols - Sorted by Name
                     Name    Address   Location    Storage File                     
                ---------  ---------  ---------  --------- ---------                
                     AUTO   0x000974    program     static /Users/NiteLite/MPLABXProjects/Microprocessors Lab 4 FSM.X/FSM.asm
             AutoOrManual   0x00092c    program     static /Users/NiteLite/MPLABXProjects/Microprocessors Lab 4 FSM.X/FSM.asm
                     MAIN   0x000882    program     static /Users/NiteLite/MPLABXProjects/Microprocessors Lab 4 FSM.X/FSM.asm
                   MANUAL   0x000936    program     static /Users/NiteLite/MPLABXProjects/Microprocessors Lab 4 FSM.X/FSM.asm
                    START   0x000820    program     static /Users/NiteLite/MPLABXProjects/Microprocessors Lab 4 FSM.X/FSM.asm
              Stepper_FSM   0x000920    program     static /Users/NiteLite/MPLABXProjects/Microprocessors Lab 4 FSM.X/FSM.asm
                TESTADOWN   0x0009a8    program     static /Users/NiteLite/MPLABXProjects/Microprocessors Lab 4 FSM.X/FSM.asm
                  TESTAUP   0x00099e    program     static /Users/NiteLite/MPLABXProjects/Microprocessors Lab 4 FSM.X/FSM.asm
                TESTMDOWN   0x00096a    program     static /Users/NiteLite/MPLABXProjects/Microprocessors Lab 4 FSM.X/FSM.asm
                  TESTMUP   0x000960    program     static /Users/NiteLite/MPLABXProjects/Microprocessors Lab 4 FSM.X/FSM.asm
           Update_Outputs   0x0008ac    program     static /Users/NiteLite/MPLABXProjects/Microprocessors Lab 4 FSM.X/FSM.asm
                Update_SW   0x000892    program     static /Users/NiteLite/MPLABXProjects/Microprocessors Lab 4 FSM.X/FSM.asm
            auto_down_out   0x0008cc    program     static /Users/NiteLite/MPLABXProjects/Microprocessors Lab 4 FSM.X/FSM.asm
              auto_up_out   0x0008f6    program     static /Users/NiteLite/MPLABXProjects/Microprocessors Lab 4 FSM.X/FSM.asm
               inter_high   0x0009b2    program     static /Users/NiteLite/MPLABXProjects/Microprocessors Lab 4 FSM.X/FSM.asm
                inter_low   0x0009ca    program     static /Users/NiteLite/MPLABXProjects/Microprocessors Lab 4 FSM.X/FSM.asm
          manual_down_out   0x000920    program     static /Users/NiteLite/MPLABXProjects/Microprocessors Lab 4 FSM.X/FSM.asm
            manual_up_out   0x000920    program     static /Users/NiteLite/MPLABXProjects/Microprocessors Lab 4 FSM.X/FSM.asm



                              Symbols - Sorted by Address
                     Name    Address   Location    Storage File                     
                ---------  ---------  ---------  --------- ---------                
                    START   0x000820    program     static /Users/NiteLite/MPLABXProjects/Microprocessors Lab 4 FSM.X/FSM.asm
                     MAIN   0x000882    program     static /Users/NiteLite/MPLABXProjects/Microprocessors Lab 4 FSM.X/FSM.asm
                Update_SW   0x000892    program     static /Users/NiteLite/MPLABXProjects/Microprocessors Lab 4 FSM.X/FSM.asm
           Update_Outputs   0x0008ac    program     static /Users/NiteLite/MPLABXProjects/Microprocessors Lab 4 FSM.X/FSM.asm
            auto_down_out   0x0008cc    program     static /Users/NiteLite/MPLABXProjects/Microprocessors Lab 4 FSM.X/FSM.asm
              auto_up_out   0x0008f6    program     static /Users/NiteLite/MPLABXProjects/Microprocessors Lab 4 FSM.X/FSM.asm
            manual_up_out   0x000920    program     static /Users/NiteLite/MPLABXProjects/Microprocessors Lab 4 FSM.X/FSM.asm
              Stepper_FSM   0x000920    program     static /Users/NiteLite/MPLABXProjects/Microprocessors Lab 4 FSM.X/FSM.asm
          manual_down_out   0x000920    program     static /Users/NiteLite/MPLABXProjects/Microprocessors Lab 4 FSM.X/FSM.asm
             AutoOrManual   0x00092c    program     static /Users/NiteLite/MPLABXProjects/Microprocessors Lab 4 FSM.X/FSM.asm
                   MANUAL   0x000936    program     static /Users/NiteLite/MPLABXProjects/Microprocessors Lab 4 FSM.X/FSM.asm
                  TESTMUP   0x000960    program     static /Users/NiteLite/MPLABXProjects/Microprocessors Lab 4 FSM.X/FSM.asm
                TESTMDOWN   0x00096a    program     static /Users/NiteLite/MPLABXProjects/Microprocessors Lab 4 FSM.X/FSM.asm
                     AUTO   0x000974    program     static /Users/NiteLite/MPLABXProjects/Microprocessors Lab 4 FSM.X/FSM.asm
                  TESTAUP   0x00099e    program     static /Users/NiteLite/MPLABXProjects/Microprocessors Lab 4 FSM.X/FSM.asm
                TESTADOWN   0x0009a8    program     static /Users/NiteLite/MPLABXProjects/Microprocessors Lab 4 FSM.X/FSM.asm
               inter_high   0x0009b2    program     static /Users/NiteLite/MPLABXProjects/Microprocessors Lab 4 FSM.X/FSM.asm
                inter_low   0x0009ca    program     static /Users/NiteLite/MPLABXProjects/Microprocessors Lab 4 FSM.X/FSM.asm


