Microchip MPLAB XC8 Compiler V1.33 ()

Linker command line:

--edf=/Applications/microchip/xc8/v1.33/dat/en_msgs.txt -cs \
  -h+dist/default/production/Microprocessors_Lab_2.X.production.sym \
  --cmf=dist/default/production/Microprocessors_Lab_2.X.production.cmf -z \
  -Q18F2550 -o/tmp/cgttinw1G \
  -Mdist/default/production/Microprocessors_Lab_2.X.production.map -E1 \
  -ver=XC8 -ASTACK=060h-07ffh -pstack=STACK -ACODE=0800h-07FFFh \
  -ACONST=0800h-07FFFh -ASMALLCONST=0800h-08FFhx120 \
  -AMEDIUMCONST=0800h-07FFFh -ACOMRAM=01h-05Fh -AABS1=00h-07FFh \
  -ABIGRAM=01h-07FFh -ARAM=060h-0FFh,0100h-01FFhx7 -ABANK0=060h-0FFh \
  -ABANK1=0100h-01FFh -ABANK2=0200h-02FFh -ABANK3=0300h-03FFh \
  -ABANK4=0400h-04FFh -ABANK5=0500h-05FFh -ABANK6=0600h-06FFh \
  -ABANK7=0700h-07FFh -ASFR=0F60h-0FFFh \
  -preset_vec=0800h,intcode=0808h,intcodelo,powerup,init,end_init \
  -pramtop=0800h -psmallconst=SMALLCONST -pmediumconst=MEDIUMCONST \
  -pconst=CONST -AFARRAM=00h-00h -ACONFIG=0300000h-030000Dh -pconfig=CONFIG \
  -AIDLOC=0200000h-0200007h -pidloc=IDLOC -AEEDATA=0F00000h-0F000FFh \
  -peeprom_data=EEDATA \
  -prdata=COMRAM,nvrram=COMRAM,nvbit=COMRAM,rbss=COMRAM,rbit=COMRAM \
  -pfarbss=FARRAM,fardata=FARRAM,nvFARRAM=FARRAM \
  -pintsave_regs=BIGRAM,bigbss=BIGRAM,bigdata=BIGRAM -pbss=RAM \
  -pidata=CODE,irdata=CODE,ibigdata=CODE,ifardata=CODE /tmp/cgtOdtkgG.obj \
  dist/default/production/Microprocessors_Lab_2.X.production.obj 

Object code version is 3.11

Machine type is 18F2550

Call graph: (short form)




                Name                               Link     Load   Length Selector   Space Scale
/tmp/cgtOdtkgG.obj
                end_init                            818      818        4      404       0
                reset_vec                           800      800        4      400       0
dist/default/production/Microprocessors_Lab_2.X.production.obj
                intcode                             808      808       10      404       0
                text1                               890      890       34      404       0
                text0                               8CA      8CA        6      404       0
                cstackCOMRAM                          1        1        E        1       1
                cinit                               8C4      8C4        6      404       0
                intcode_body                        81C      81C       74      404       0

TOTAL           Name                               Link     Load   Length     Space
        CLASS   STACK          

        CLASS   CODE           
                end_init                            818      818        4         0
                intcode                             808      808       10         0
                reset_vec                           800      800        4         0
                text1                               890      890       34         0
                text0                               8CA      8CA        6         0
                cinit                               8C4      8C4        6         0
                intcode_body                        81C      81C       74         0

        CLASS   CONST          

        CLASS   SMALLCONST     

        CLASS   MEDIUMCONST    

        CLASS   COMRAM         
                cstackCOMRAM                          1        1        E         1

        CLASS   ABS1           

        CLASS   BIGRAM         

        CLASS   RAM            

        CLASS   BANK0          

        CLASS   BANK1          

        CLASS   BANK2          

        CLASS   BANK3          

        CLASS   BANK4          

        CLASS   BANK5          

        CLASS   BANK6          

        CLASS   BANK7          

        CLASS   SFR            

        CLASS   FARRAM         

        CLASS   CONFIG         

        CLASS   IDLOC          

        CLASS   EEDATA         



SEGMENTS        Name                           Load    Length   Top    Selector   Space  Class

                cstackCOMRAM                   000001  00000E  00000F         1       1  COMRAM  
                reset_vec                      000800  000004  000804       400       0  CODE    
                intcode                        000808  0000C8  0008D0       404       0  CODE    


UNUSED ADDRESS RANGES

        Name                Unused          Largest block    Delta
        BANK0            060-0FF            A0
        BANK1            100-1FF           100
        BANK2            200-2FF           100
        BANK3            300-3FF           100
        BANK4            400-4FF           100
        BANK5            500-5FF           100
        BANK6            600-6FF           100
        BANK7            700-7FF           100
        BIGRAM           00F-7FF           7F1
        CODE             804-807             4
                         8D0-7FFF          7730
        COMRAM           00F-05F            51
        CONFIG           300000-30000D             E
        CONST            804-807             4
                         8D0-7FFF          7730
        EEDATA           F00000-F000FF           100
        FARRAM           000-000             1
        IDLOC            200000-200007             8
        MEDIUMCONST      804-807             4
                         8D0-7FFF          7730
        RAM              060-7FF           100
        SFR              F60-FFF            A0
        SMALLCONST       804-807             4
                         8D0-7FFF           100
        STACK            060-7FF           7A0

                                  Symbol Table

_ADCON0                  (abs)        FC2
_ADCON0bits              (abs)        FC2
_ADCON1                  (abs)        FC1
_ADCON2                  (abs)        FC0
_ADRESH                  (abs)        FC4
_CMCON                   (abs)        FB4
_INTCONbits              (abs)        FF2
_PIE1bits                (abs)        F9D
_PIR1bits                (abs)        F9E
_PORTA                   (abs)        F80
_PORTB                   (abs)        F81
_PORTC                   (abs)        F82
_TRISA                   (abs)        F92
_TRISB                   (abs)        F93
_TRISC                   (abs)        F94
__HRAM                   (abs)        000
__Habs1                  abs1         000
__Hbank0                 bank0        000
__Hbank1                 bank1        000
__Hbank2                 bank2        000
__Hbank3                 bank3        000
__Hbank4                 bank4        000
__Hbank5                 bank5        000
__Hbank6                 bank6        000
__Hbank7                 bank7        000
__Hbigbss                bigbss       000
__Hbigdata               bigdata      000
__Hbigram                bigram       000
__Hbss                   bss          000
__Hcinit                 cinit        000
__Hclrtext               clrtext      000
__Hcomram                comram       000
__Hconfig                config       000
__Hconst                 const        000
__HcstackCOMRAM          cstackCOMRAM 000
__Hdata                  data         000
__Heeprom_data           eeprom_data  000
__Hend_init              end_init     81C
__Hfarbss                farbss       000
__Hfardata               fardata      000
__Hibigdata              ibigdata     000
__Hidata                 idata        000
__Hidloc                 idloc        000
__Hifardata              ifardata     000
__Hinit                  init         818
__Hintcode               intcode      818
__Hintcode_body          intcode_body 000
__Hintcodelo             intcodelo    818
__Hintentry              intentry     000
__Hintret                intret       000
__Hintsave_regs          intsave_regs 000
__Hirdata                irdata       000
__Hmediumconst           mediumconst  000
__HnvFARRAM              nvFARRAM     000
__Hnvbit                 nvbit        000
__Hnvrram                nvrram       000
__Hparam                 rparam       000
__Hpowerup               powerup      818
__Hram                   ram          000
__Hramtop                ramtop       800
__Hrbit                  rbit         000
__Hrbss                  rbss         000
__Hrdata                 rdata        000
__Hreset_vec             reset_vec    804
__Hrparam                rparam       000
__Hsfr                   sfr          000
__Hsmallconst            smallconst   000
__Hspace_0               (abs)        8D0
__Hspace_1               (abs)        00F
__Hspace_2               (abs)        000
__Hstack                 stack        000
__Hstruct                struct       000
__Htemp                  temp         000
__Htext                  text         000
__Htext0                 text0        000
__Htext1                 text1        000
__LRAM                   (abs)        001
__Labs1                  abs1         000
__Lbank0                 bank0        000
__Lbank1                 bank1        000
__Lbank2                 bank2        000
__Lbank3                 bank3        000
__Lbank4                 bank4        000
__Lbank5                 bank5        000
__Lbank6                 bank6        000
__Lbank7                 bank7        000
__Lbigbss                bigbss       000
__Lbigdata               bigdata      000
__Lbigram                bigram       000
__Lbss                   bss          000
__Lcinit                 cinit        000
__Lclrtext               clrtext      000
__Lcomram                comram       000
__Lconfig                config       000
__Lconst                 const        000
__LcstackCOMRAM          cstackCOMRAM 000
__Ldata                  data         000
__Leeprom_data           eeprom_data  000
__Lend_init              end_init     818
__Lfarbss                farbss       000
__Lfardata               fardata      000
__Libigdata              ibigdata     000
__Lidata                 idata        000
__Lidloc                 idloc        000
__Lifardata              ifardata     000
__Linit                  init         818
__Lintcode               intcode      808
__Lintcode_body          intcode_body 000
__Lintcodelo             intcodelo    818
__Lintentry              intentry     000
__Lintret                intret       000
__Lintsave_regs          intsave_regs 000
__Lirdata                irdata       000
__Lmediumconst           mediumconst  000
__LnvFARRAM              nvFARRAM     000
__Lnvbit                 nvbit        000
__Lnvrram                nvrram       000
__Lparam                 rparam       000
__Lpowerup               powerup      818
__Lram                   ram          000
__Lramtop                ramtop       800
__Lrbit                  rbit         000
__Lrbss                  rbss         000
__Lrdata                 rdata        000
__Lreset_vec             reset_vec    800
__Lrparam                rparam       000
__Lsfr                   sfr          000
__Lsmallconst            smallconst   000
__Lspace_0               (abs)        000
__Lspace_1               (abs)        000
__Lspace_2               (abs)        000
__Lstack                 stack        000
__Lstruct                struct       000
__Ltemp                  temp         000
__Ltext                  text         000
__Ltext0                 text0        000
__Ltext1                 text1        000
__S0                     (abs)        8D0
__S1                     (abs)        00F
__S2                     (abs)        000
___inthi_sp              stack        000
___intlo_sp              stack        000
___sp                    stack        000
__accesstop              (abs)        060
__activetblptr           (abs)        000
__end_of__initialization cinit        8C4
__end_of_high_ISR        intcode_body 890
__end_of_initChip        text1        8C4
__end_of_main            text0        8D0
__initialization         cinit        8C4
__mediumconst            mediumconst  000
__pcinit                 cinit        8C4
__pcstackCOMRAM          cstackCOMRAM 001
__pintcode               intcode      808
__pintcode_body          intcode_body 81C
__ptext0                 text0        8CA
__ptext1                 text1        890
__ramtop                 ramtop       800
__size_of_high_ISR       (abs)        000
__size_of_initChip       (abs)        000
__size_of_main           (abs)        000
__smallconst             smallconst   000
_high_ISR                intcode      808
_initChip                text1        890
_main                    text0        8CA
end_of_initialization    cinit        8C4
int_func                 intcode_body 81C
intlevel0                text         000
intlevel1                text         000
intlevel2                text         000
intlevel3                text         000
stackhi                  (abs)        7FF
stacklo                  (abs)        060
start                    init         818
start_initialization     cinit        8C4


FUNCTION INFORMATION:

 *************** function _main *****************
 Defined at:
		line 71 in file "main.c"
 Parameters:    Size  Location     Type
		None
 Auto vars:     Size  Location     Type
		None
 Return value:  Size  Location     Type
		None               void
 Registers used:
		wreg, status,2, cstack
 Tracked objects:
		On entry : 
		On exit  : 
		Unchanged: 
 Data sizes:     COMRAM   BANK0   BANK1   BANK2   BANK3   BANK4   BANK5   BANK6   BANK7
      Params:         0       0       0       0       0       0       0       0       0
      Locals:         0       0       0       0       0       0       0       0       0
      Temps:          0       0       0       0       0       0       0       0       0
      Totals:         0       0       0       0       0       0       0       0       0
Total ram usage:        0 bytes
 Hardware stack levels required when called:    2
 This function calls:
		_initChip
 This function is called by:
		Startup code after reset
 This function uses a non-reentrant model


 *************** function _initChip *****************
 Defined at:
		line 20 in file "main.c"
 Parameters:    Size  Location     Type
		None
 Auto vars:     Size  Location     Type
		None
 Return value:  Size  Location     Type
		None               void
 Registers used:
		wreg, status,2
 Tracked objects:
		On entry : 
		On exit  : 
		Unchanged: 
 Data sizes:     COMRAM   BANK0   BANK1   BANK2   BANK3   BANK4   BANK5   BANK6   BANK7
      Params:         0       0       0       0       0       0       0       0       0
      Locals:         0       0       0       0       0       0       0       0       0
      Temps:          0       0       0       0       0       0       0       0       0
      Totals:         0       0       0       0       0       0       0       0       0
Total ram usage:        0 bytes
 Hardware stack levels used:    1
 Hardware stack levels required when called:    1
 This function calls:
		Nothing
 This function is called by:
		_main
 This function uses a non-reentrant model


 *************** function _high_ISR *****************
 Defined at:
		line 59 in file "main.c"
 Parameters:    Size  Location     Type
		None
 Auto vars:     Size  Location     Type
		None
 Return value:  Size  Location     Type
		None               void
 Registers used:
		None
 Tracked objects:
		On entry : 
		On exit  : 
		Unchanged: 
 Data sizes:     COMRAM   BANK0   BANK1   BANK2   BANK3   BANK4   BANK5   BANK6   BANK7
      Params:         0       0       0       0       0       0       0       0       0
      Locals:         0       0       0       0       0       0       0       0       0
      Temps:         14       0       0       0       0       0       0       0       0
      Totals:        14       0       0       0       0       0       0       0       0
Total ram usage:       14 bytes
 Hardware stack levels used:    1
 This function calls:
		Nothing
 This function is called by:
		Interrupt level 2
 This function uses a non-reentrant model



MODULE INFORMATION

Module		Function		Class		Link	Load	Size
shared
		__initializatio		CODE           	08C4	0000	0

shared estimated size: 0

main.c
		_main          		CODE           	08CA	0000	6
		_high_ISR      		CODE           	0808	0000	136
		_initChip      		CODE           	0890	0000	52

main.c estimated size: 194

