MPLINK 5.04, LINKER
Linker Map File - Created Fri Nov 28 16:33:46 2014

                                 Section Info
                  Section       Type    Address   Location Size(Bytes)
                ---------  ---------  ---------  ---------  ---------
                   .org_0       code   0x000000    program   0x000004
                   .cinit    romdata   0x000004    program   0x000002
                   .org_1       code   0x000008    program   0x000004
                   .org_2       code   0x000018    program   0x000004
                   .org_3       code   0x000020    program   0x000066



                              Program Memory Usage 
                               Start         End      
                           ---------   ---------      
                            0x000000    0x000005      
                            0x000008    0x00000b      
                            0x000018    0x00001b      
                            0x000020    0x000085      
            116 out of 33048 program addresses used, program memory utilization is 0%



                              Symbols - Sorted by Name
                     Name    Address   Location    Storage File                     
                ---------  ---------  ---------  --------- ---------                
                    START   0x000020    program     static /Users/NiteLite/MPLABXProjects/Microprocessors Lab 3c.X/SPI_Master.asm
                 allesaan   0x000078    program     static /Users/NiteLite/MPLABXProjects/Microprocessors Lab 3c.X/SPI_Master.asm
                      btf   0x000056    program     static /Users/NiteLite/MPLABXProjects/Microprocessors Lab 3c.X/SPI_Master.asm
               check_data   0x00006a    program     static /Users/NiteLite/MPLABXProjects/Microprocessors Lab 3c.X/SPI_Master.asm
               inter_high   0x00007e    program     static /Users/NiteLite/MPLABXProjects/Microprocessors Lab 3c.X/SPI_Master.asm
                inter_low   0x000082    program     static /Users/NiteLite/MPLABXProjects/Microprocessors Lab 3c.X/SPI_Master.asm
                     main   0x000056    program     static /Users/NiteLite/MPLABXProjects/Microprocessors Lab 3c.X/SPI_Master.asm
                send_data   0x000062    program     static /Users/NiteLite/MPLABXProjects/Microprocessors Lab 3c.X/SPI_Master.asm



                              Symbols - Sorted by Address
                     Name    Address   Location    Storage File                     
                ---------  ---------  ---------  --------- ---------                
                    START   0x000020    program     static /Users/NiteLite/MPLABXProjects/Microprocessors Lab 3c.X/SPI_Master.asm
                      btf   0x000056    program     static /Users/NiteLite/MPLABXProjects/Microprocessors Lab 3c.X/SPI_Master.asm
                     main   0x000056    program     static /Users/NiteLite/MPLABXProjects/Microprocessors Lab 3c.X/SPI_Master.asm
                send_data   0x000062    program     static /Users/NiteLite/MPLABXProjects/Microprocessors Lab 3c.X/SPI_Master.asm
               check_data   0x00006a    program     static /Users/NiteLite/MPLABXProjects/Microprocessors Lab 3c.X/SPI_Master.asm
                 allesaan   0x000078    program     static /Users/NiteLite/MPLABXProjects/Microprocessors Lab 3c.X/SPI_Master.asm
               inter_high   0x00007e    program     static /Users/NiteLite/MPLABXProjects/Microprocessors Lab 3c.X/SPI_Master.asm
                inter_low   0x000082    program     static /Users/NiteLite/MPLABXProjects/Microprocessors Lab 3c.X/SPI_Master.asm


